// Jest Snapshot v1, https://goo.gl/fbAQLP

exports[`<AddCategory /> debe mostrarse correctamente 1`] = `
<div
  className="container-input"
>
  <form
    onSubmit={[Function]}
  >
    <input
      className="input-query"
      onChange={[Function]}
      placeholder="Search"
      type="text"
      value=""
    />
  </form>
</div>
`;
